// Jest Snapshot v1, https://goo.gl/fbAQLP

exports[`Progress should render successfully 1`] = `
<div>
  <div
    class="ant-progress ant-progress-line ant-progress-status-normal ant-progress-show-info ant-progress-default"
  >
    <div
      class="ant-progress-outer"
    >
      <div
        class="ant-progress-inner"
      >
        <div
          class="ant-progress-bg"
          style="width: 0%; height: 8px;"
        />
      </div>
    </div>
    <span
      class="ant-progress-text"
      title="0%"
    >
      0%
    </span>
  </div>
</div>
`;
