// Jest Snapshot v1, https://goo.gl/fbAQLP

exports[`SideNav should render active nav item with background color 1`] = `
.c0 {
  display: -webkit-box;
  display: -webkit-flex;
  display: -ms-flexbox;
  display: flex;
  -webkit-box-pack: center;
  -webkit-justify-content: center;
  -ms-flex-pack: center;
  justify-content: center;
  width: 100%;
}

<div>
  <div
    class="css-13yb8hl-StyledNavContainer eagsyzi3"
    data-testid="nav-item"
  >
    <div
      class="c0"
    >
      <div
        class="nav-link css-1xfujy4-StyledNavLink eagsyzi2"
      >
        <span
          class="group css-1as126y-StyledIcon eagsyzi4"
        >
          <span
            aria-label="home"
            class="anticon anticon-home"
            role="img"
          >
            <svg
              aria-hidden="true"
              data-icon="home"
              fill="currentColor"
              focusable="false"
              height="1em"
              viewBox="64 64 896 896"
              width="1em"
            >
              <path
                d="M946.5 505L560.1 118.8l-25.9-25.9a31.5 31.5 0 00-44.4 0L77.5 505a63.9 63.9 0 00-18.8 46c.4 35.2 29.7 63.3 64.9 63.3h42.5V940h691.8V614.3h43.4c17.1 0 33.2-6.7 45.3-18.8a63.6 63.6 0 0018.7-45.3c0-17-6.7-33.1-18.8-45.2zM568 868H456V664h112v204zm217.9-325.7V868H632V640c0-22.1-17.9-40-40-40H432c-22.1 0-40 17.9-40 40v228H238.1V542.3h-96l370-369.7 23.1 23.1L882 542.3h-96.1z"
              />
            </svg>
          </span>
        </span>
        <p
          class="css-196ekmk-StyledTitle eagsyzi0"
        >
          Home
        </p>
      </div>
    </div>
    <div
      class="css-1m2n0g9-StyledHighlight eagsyzi1"
    />
  </div>
</div>
`;
