// Jest Snapshot v1, https://goo.gl/fbAQLP

exports[`GlobalScrollbar should render successfully 1`] = `<div />`;
