// Jest Snapshot v1, https://goo.gl/fbAQLP

exports[`ClickArea should render successfully 1`] = `
<div>
  <div
    class="css-4k0i9f-StyledClickArea ectarx80"
  />
</div>
`;
